]0;~/Desktop/GeneSetEnrich0912[?1034h(base) Anils-MacBook-Air:GeneSetEnrich0912 asigdel$ pew[K[Kwd
/Users/asigdel/Desktop/GeneSetEnrich0912
]0;~/Desktop/GeneSetEnrich0912(base) Anils-MacBook-Air:GeneSetEnrich0912 asigdel$ git init
Initialized empty Git repository in /Users/asigdel/Desktop/GeneSetEnrich0912/.git/
]0;~/Desktop/GeneSetEnrich0912(base) Anils-MacBook-Air:GeneSetEnrich0912 asigdel$ git remote  add origin https://github.com/Asigdel/GeneSetEnrich0912.git
]0;~/Desktop/GeneSetEnrich0912(base) Anils-MacBook-Air:GeneSetEnrich0912 asigdel$ git push -u  origin master
error: src refspec master does not match any.
[31merror: failed to push some refs to 'https://github.com/Asigdel/GeneSetEnrich0912.git'
[m]0;~/Desktop/GeneSetEnrich0912(base) Anils-MacBook-Air:GeneSetEnrich0912 asigdel$ git remote  add origin https://github.com/Asigdel/GeneSetEnrich0912.git
fatal: remote origin already exists.
]0;~/Desktop/GeneSetEnrich0912(base) Anils-MacBook-Air:GeneSetEnrich0912 asigdel$ get remote  -v
bash: get: command not found
]0;~/Desktop/GeneSetEnrich0912(base) Anils-MacBook-Air:GeneSetEnrich0912 asigdel$ get remote --v[A[C[C[C[C[C[C[C[C[C[C[C[C[C[C[C[C[C[C[C[C[C[C[C[C[C[C[C[C[C[C[C[C[C[C[C[C[C[C[C[C[C[C[C[C[C[C[C[C[C[C[C[C[C[C[C[C[C[C[C[C[C[Cit remote -v[A[C[C[C[C[C[C[C[C[C[C[C[C[C[C[C[C[C[C[C[C[C[C[C[C[C[C[C[C[C[C[C[C[C[C[C[C[C[C[C[C[C[C[C[C[C[C[C[C[C[C[C[Ct remote -[1Pv[A[C[C[C[C[C[C[C[C[C[C[C[C[C[C[C[C[C[C[C[C[C[C[C[C[C[C[C[C[C[C[C[C[C[C[C[C[C[C[C[C[C[C[C[C[C[C[C[C[C[C[C[Ct remote -v[K[A[C[C[C[C[C[C[C[C[C[C[C[C[C[C[C[C[C[C[C[C[C[C[C[C[C[C[C[C[C[C[C[C[C[C[C[C[C[C[C[C[C[C[C[C[C[C[C[C[C[C[C[Cit remote -v[A[C[C[C[C[C[C[C[C[C[C[C[C[C[C[C[C[C[C[C[C[C[C[C[C[C[C[C[C[C[C[C[C[C[C[C[C[C[C[C[C[C[C[C[C[C[C[C[C[C[C[C[C

origin	https://github.com/Asigdel/GeneSetEnrich0912.git (fetch)
origin	https://github.com/Asigdel/GeneSetEnrich0912.git (push)
]0;~/Desktop/GeneSetEnrich0912(base) Anils-MacBook-Air:GeneSetEnrich0912 asigdel$ [K(base) Anils-MacBook-Air:GeneSetEnrich0912 asigdel$ [K(base) Anils-MacBook-Air:GeneSetEnrich0912 asigdel$ CLEAR[K[K[K[K[Kcla[Kear
[3J[H[2J]0;~/Desktop/GeneSetEnrich0912(base) Anils-MacBook-Air:GeneSetEnrich0912 asigdel$ git add .
]0;~/Desktop/GeneSetEnrich0912(base) Anils-MacBook-Air:GeneSetEnrich0912 asigdel$ git status
On branch master

No commits yet

Changes to be committed:
  (use "git rm --cached <file>..." to unstage)

	[32mnew file:   .Rproj.user/7FAA5BAE/console06/9857AFAF[m
	[32mnew file:   .Rproj.user/7FAA5BAE/console06/9857AFAF.env[m
	[32mnew file:   .Rproj.user/7FAA5BAE/console06/INDEX001[m
	[32mnew file:   .Rproj.user/7FAA5BAE/sources/prop/712749A8[m
	[32mnew file:   .Rproj.user/7FAA5BAE/sources/prop/INDEX[m
	[32mnew file:   .Rproj.user/7FAA5BAE/sources/s-43E94F13/C5FC7FC9[m
	[32mnew file:   .Rproj.user/7FAA5BAE/sources/s-43E94F13/C5FC7FC9-contents[m
	[32mnew file:   .Rproj.user/7FAA5BAE/sources/s-43E94F13/lock_file[m
	[32mnew file:   .Rproj.user/shared/notebooks/patch-chunk-names[m
	[32mnew file:   .Rproj.user/shared/notebooks/paths[m
	[32mnew file:   GeneSetEnrich0912.Rproj[m
	[32mnew file:   GeneSetInterpro.R[m

Changes not staged for commit:
  (use "git add <file>..." to update what will be committed)
  (use "git checkout -- <file>..." to discard changes in working directory)

	[31mmodified:   .Rproj.user/7FAA5BAE/console06/9857AFAF[m

]0;~/Desktop/GeneSetEnrich0912(base) Anils-MacBook-Air:GeneSetEnrich0912 asigdel$ touh [K[Kch .gitignore
]0;~/Desktop/GeneSetEnrich0912(base) Anils-MacBook-Air:GeneSetEnrich0912 asigdel$ vim .gitignore 
[?2004h]0;~/Desktop/GeneSetEnrich0912(base) Anils-MacBook-Air:GeneSetEnrich0912 asigdel$ gis[Kt status
On branch master

No commits yet

Changes to be committed:
  (use "git rm --cached <file>..." to unstage)

	[32mnew file:   .Rproj.user/7FAA5BAE/console06/9857AFAF[m
	[32mnew file:   .Rproj.user/7FAA5BAE/console06/9857AFAF.env[m
	[32mnew file:   .Rproj.user/7FAA5BAE/console06/INDEX001[m
	[32mnew file:   .Rproj.user/7FAA5BAE/sources/prop/712749A8[m
	[32mnew file:   .Rproj.user/7FAA5BAE/sources/prop/INDEX[m
	[32mnew file:   .Rproj.user/7FAA5BAE/sources/s-43E94F13/C5FC7FC9[m
	[32mnew file:   .Rproj.user/7FAA5BAE/sources/s-43E94F13/C5FC7FC9-contents[m
	[32mnew file:   .Rproj.user/7FAA5BAE/sources/s-43E94F13/lock_file[m
	[32mnew file:   .Rproj.user/shared/notebooks/patch-chunk-names[m
	[32mnew file:   .Rproj.user/shared/notebooks/paths[m
	[32mnew file:   GeneSetEnrich0912.Rproj[m
	[32mnew file:   GeneSetInterpro.R[m

Changes not staged for commit:
  (use "git add <file>..." to update what will be committed)
  (use "git checkout -- <file>..." to discard changes in working directory)

	[31mmodified:   .Rproj.user/7FAA5BAE/console06/9857AFAF[m
	[31mmodified:   .Rproj.user/7FAA5BAE/console06/INDEX001[m

Untracked files:
  (use "git add <file>..." to include in what will be committed)

	[31m.gitignore[m

]0;~/Desktop/GeneSetEnrich0912(base) Anils-MacBook-Air:GeneSetEnrich0912 asigdel$ a[Kgits[K add .
]0;~/Desktop/GeneSetEnrich0912(base) Anils-MacBook-Air:GeneSetEnrich0912 asigdel$ gits[K status
On branch master

No commits yet

Changes to be committed:
  (use "git rm --cached <file>..." to unstage)

	[32mnew file:   .Rproj.user/7FAA5BAE/console06/9857AFAF[m
	[32mnew file:   .Rproj.user/7FAA5BAE/console06/9857AFAF.env[m
	[32mnew file:   .Rproj.user/7FAA5BAE/console06/INDEX001[m
	[32mnew file:   .Rproj.user/7FAA5BAE/sources/prop/712749A8[m
	[32mnew file:   .Rproj.user/7FAA5BAE/sources/prop/INDEX[m
	[32mnew file:   .Rproj.user/7FAA5BAE/sources/s-43E94F13/C5FC7FC9[m
	[32mnew file:   .Rproj.user/7FAA5BAE/sources/s-43E94F13/C5FC7FC9-contents[m
	[32mnew file:   .Rproj.user/7FAA5BAE/sources/s-43E94F13/lock_file[m
	[32mnew file:   .Rproj.user/shared/notebooks/patch-chunk-names[m
	[32mnew file:   .Rproj.user/shared/notebooks/paths[m
	[32mnew file:   .gitignore[m
	[32mnew file:   GeneSetEnrich0912.Rproj[m
	[32mnew file:   GeneSetInterpro.R[m

Changes not staged for commit:
  (use "git add <file>..." to update what will be committed)
  (use "git checkout -- <file>..." to discard changes in working directory)

	[31mmodified:   .Rproj.user/7FAA5BAE/console06/9857AFAF[m

]0;~/Desktop/GeneSetEnrich0912(base) Anils-MacBook-Air:GeneSetEnrich0912 asigdel$ git commit -m ""c"o"m"m"i"t"fcommit"icommit"rcommit"scommit"tcommit" commit";commit"9commit"Ccommit"[1Pcommit"[1Pcommit"[1Pcommit"[C[C[C[C[C[C[C
[master (root-commit) 738261e] first commit
 13 files changed, 994 insertions(+)
 create mode 100644 .Rproj.user/7FAA5BAE/console06/9857AFAF
 create mode 100644 .Rproj.user/7FAA5BAE/console06/9857AFAF.env
 create mode 100644 .Rproj.user/7FAA5BAE/console06/INDEX001
 create mode 100644 .Rproj.user/7FAA5BAE/sources/prop/712749A8
 create mode 100644 .Rproj.user/7FAA5BAE/sources/prop/INDEX
 create mode 100644 .Rproj.user/7FAA5BAE/sources/s-43E94F13/C5FC7FC9
 create mode 100644 .Rproj.user/7FAA5BAE/sources/s-43E94F13/C5FC7FC9-contents
 create mode 100644 .Rproj.user/7FAA5BAE/sources/s-43E94F13/lock_file
 create mode 100644 .Rproj.user/shared/notebooks/patch-chunk-names
 create mode 100644 .Rproj.user/shared/notebooks/paths
 create mode 100644 .gitignore
 create mode 100644 GeneSetEnrich0912.Rproj
 create mode 100644 GeneSetInterpro.R
]0;~/Desktop/GeneSetEnrich0912(base) Anils-MacBook-Air:GeneSetEnrich0912 asigdel$ git push
fatal: The current branch master has no upstream branch.
To push the current branch and set the remote as upstream, use

    git push --set-upstream origin master

]0;~/Desktop/GeneSetEnrich0912(base) Anils-MacBook-Air:GeneSetEnrich0912 asigdel$     git push --set-upstream origin maste r
Enumerating objects: 21, done.
Counting objects:   4% (1/21)   Counting objects:   9% (2/21)   Counting objects:  14% (3/21)   Counting objects:  19% (4/21)   Counting objects:  23% (5/21)   Counting objects:  28% (6/21)   Counting objects:  33% (7/21)   Counting objects:  38% (8/21)   Counting objects:  42% (9/21)   Counting objects:  47% (10/21)   Counting objects:  52% (11/21)   Counting objects:  57% (12/21)   Counting objects:  61% (13/21)   Counting objects:  66% (14/21)   Counting objects:  71% (15/21)   Counting objects:  76% (16/21)   Counting objects:  80% (17/21)   Counting objects:  85% (18/21)   Counting objects:  90% (19/21)   Counting objects:  95% (20/21)   Counting objects: 100% (21/21)   Counting objects: 100% (21/21), done.
Delta compression using up to 4 threads
Compressing objects:   5% (1/18)   Compressing objects:  11% (2/18)   Compressing objects:  16% (3/18)   Compressing objects:  22% (4/18)   Compressing objects:  27% (5/18)   Compressing objects:  33% (6/18)   Compressing objects:  38% (7/18)   Compressing objects:  44% (8/18)   Compressing objects:  50% (9/18)   Compressing objects:  55% (10/18)   Compressing objects:  61% (11/18)   Compressing objects:  66% (12/18)   Compressing objects:  72% (13/18)   Compressing objects:  77% (14/18)   Compressing objects:  83% (15/18)   Compressing objects:  88% (16/18)   Compressing objects:  94% (17/18)   Compressing objects: 100% (18/18)   Compressing objects: 100% (18/18), done.
Writing objects:   4% (1/21)   Writing objects:   9% (2/21)   Writing objects:  14% (3/21)   Writing objects:  19% (4/21)   Writing objects:  23% (5/21)   Writing objects:  28% (6/21)   Writing objects:  33% (7/21)   Writing objects:  38% (8/21)   Writing objects:  42% (9/21)   Writing objects:  47% (10/21)   Writing objects:  52% (11/21)   Writing objects:  57% (12/21)   Writing objects:  61% (13/21)   Writing objects:  66% (14/21)   Writing objects:  71% (15/21)   Writing objects:  76% (16/21)   Writing objects:  80% (17/21)   Writing objects:  85% (18/21)   Writing objects:  90% (19/21)   Writing objects:  95% (20/21)   Writing objects: 100% (21/21)   Writing objects: 100% (21/21), 7.54 KiB | 154.00 KiB/s, done.
Total 21 (delta 0), reused 0 (delta 0)
To https://github.com/Asigdel/GeneSetEnrich0912.git
 * [new branch]      master -> master
Branch 'master' set up to track remote branch 'master' from 'origin'.
]0;~/Desktop/GeneSetEnrich0912(base) Anils-MacBook-Air:GeneSetEnrich0912 asigdel$ clear
[3J[H[2J]0;~/Desktop/GeneSetEnrich0912(base) Anils-MacBook-Air:GeneSetEnrich0912 asigdel$ git add .
